\BOOKMARK [1][]{section.1}{\376\377\116\000\060\001\000\040\225\356\230\230\221\315\217\360}{}% 1
\BOOKMARK [2][]{subsection.1.1}{\376\377\0001\000.\0001\000\040\225\356\230\230\200\314\146\157}{section.1}% 2
\BOOKMARK [2][]{subsection.1.2}{\376\377\0001\000.\0002\000\040\227\000\211\201\211\343\121\263\166\204\225\356\230\230}{section.1}% 3
\BOOKMARK [1][]{section.2}{\376\377\116\214\060\001\000\040\225\356\230\230\122\006\147\220}{}% 4
\BOOKMARK [2][]{subsection.2.1}{\376\377\0002\000.\0001\000\040\225\356\230\230\116\000\166\204\122\006\147\220}{section.2}% 5
\BOOKMARK [2][]{subsection.2.2}{\376\377\0002\000.\0002\000\040\225\356\230\230\116\214\166\204\122\006\147\220}{section.2}% 6
\BOOKMARK [2][]{subsection.2.3}{\376\377\0002\000.\0003\000\040\225\356\230\230\116\011\166\204\122\006\147\220}{section.2}% 7
\BOOKMARK [1][]{section.3}{\376\377\116\011\060\001\000\040\152\041\127\213\120\107\213\276}{}% 8
\BOOKMARK [1][]{section.4}{\376\377\126\333\060\001\000\040\173\046\123\367\213\364\146\016}{}% 9
\BOOKMARK [1][]{section.5}{\376\377\116\224\060\001\000\040\152\041\127\213\166\204\136\372\172\313\116\016\154\102\211\343}{}% 10
\BOOKMARK [2][]{subsection.5.1}{\376\377\0005\000.\0001\000\040\225\356\230\230\116\000\166\204\152\041\127\213\136\372\172\313}{section.5}% 11
\BOOKMARK [3][]{subsubsection.5.1.1}{\376\377\0005\000.\0001\000.\0001\000\040\225\356\230\230\122\006\147\220}{subsection.5.1}% 12
\BOOKMARK [3][]{subsubsection.5.1.2}{\376\377\0005\000.\0001\000.\0002\000\040\154\102\211\343\142\230\134\004\163\207}{subsection.5.1}% 13
\BOOKMARK [3][]{subsubsection.5.1.3}{\376\377\0005\000.\0001\000.\0003\000\040\170\156\133\232\131\026\136\366\134\102\123\232\136\246}{subsection.5.1}% 14
\BOOKMARK [3][]{subsubsection.5.1.4}{\376\377\0005\000.\0001\000.\0004\000\040\140\073\176\323}{subsection.5.1}% 15
\BOOKMARK [2][]{subsection.5.2}{\376\377\0005\000.\0002\000\040\225\356\230\230\116\214\166\204\152\041\127\213\136\372\172\313\116\016\154\102\211\343}{section.5}% 16
\BOOKMARK [3][]{subsubsection.5.2.1}{\376\377\0005\000.\0002\000.\0001\000\040\225\356\230\230\122\006\147\220}{subsection.5.2}% 17
\BOOKMARK [3][]{subsubsection.5.2.2}{\376\377\0005\000.\0002\000.\0002\000\040\145\160\143\156\230\204\131\004\164\006}{subsection.5.2}% 18
\BOOKMARK [3][]{subsubsection.5.2.3}{\376\377\0005\000.\0002\000.\0003\000\040\145\271\150\110\116\214\166\204\154\102\211\343}{subsection.5.2}% 19
\BOOKMARK [3][]{subsubsection.5.2.4}{\376\377\0005\000.\0002\000.\0004\000\040\145\271\150\110\116\000\166\204\154\102\211\343}{subsection.5.2}% 20
\BOOKMARK [3][]{subsubsection.5.2.5}{\376\377\0005\000.\0002\000.\0005\000\040\213\241\173\227\176\323\147\234}{subsection.5.2}% 21
\BOOKMARK [3][]{subsubsection.5.2.6}{\376\377\0005\000.\0002\000.\0006\000\040\176\323\147\234\123\357\227\140\140\047\122\006\147\220}{subsection.5.2}% 22
\BOOKMARK [2][]{subsection.5.3}{\376\377\0005\000.\0003\000\040\225\356\230\230\116\011\166\204\152\041\127\213\136\372\172\313\116\016\154\102\211\343}{section.5}% 23
\BOOKMARK [3][]{subsubsection.5.3.1}{\376\377\0005\000.\0003\000.\0001\000\040\225\356\230\230\122\006\147\220}{subsection.5.3}% 24
\BOOKMARK [3][]{subsubsection.5.3.2}{\376\377\0005\000.\0003\000.\0002\000\040\131\032\121\111\147\137\116\247\165\037\166\204\137\305\211\201\147\141\116\366}{subsection.5.3}% 25
\BOOKMARK [3][]{subsubsection.5.3.3}{\376\377\0005\000.\0003\000.\0003\000\040\131\032\121\111\147\137\136\162\155\211\133\371\123\232\136\246\213\241\173\227\174\276\136\246\166\204\137\161\124\315\122\006\147\220}{subsection.5.3}% 26
\BOOKMARK [3][]{subsubsection.5.3.4}{\376\377\0005\000.\0003\000.\0004\000\040\122\044\122\053\131\032\121\111\147\137\136\162\155\211\154\102\211\343}{subsection.5.3}% 27
\BOOKMARK [3][]{subsubsection.5.3.5}{\376\377\0005\000.\0003\000.\0005\000\040\170\105\131\026\136\366\134\102\123\232\136\246\166\204\213\241\173\227}{subsection.5.3}% 28
\BOOKMARK [3][]{subsubsection.5.3.6}{\376\377\0005\000.\0003\000.\0006\000\040\140\073\176\323}{subsection.5.3}% 29
\BOOKMARK [1][]{section.6}{\376\377\121\155\060\001\000\040\152\041\127\213\213\304\116\367}{}% 30
\BOOKMARK [2][]{subsection.6.1}{\376\377\0006\000.\0001\000\040\152\041\127\213\166\204\117\030\160\271}{section.6}% 31
\BOOKMARK [2][]{subsection.6.2}{\376\377\0006\000.\0002\000\040\152\041\127\213\166\204\177\072\160\271}{section.6}% 32
\BOOKMARK [2][]{subsection.6.3}{\376\377\0006\000.\0003\000\040\152\041\127\213\166\204\145\071\217\333\145\271\124\021}{section.6}% 33
\BOOKMARK [1][]{section*.57}{\376\377\123\302\200\003\145\207\163\056}{}% 34
